# transcript
"grew a"
"moved b"

# runtime errors

# end timestamp
slide 4, end of slide

# timeline
slide 1 @ 0.00
  camera pos [0.0, 0.0, 4.0] look_at [0.0, 0.0, 0.0]
  mesh[0] dots=0, lins=64, tris=62, tag=[], fp=eba7b5d78b6f64ae
  mesh[1] dots=0, lins=4, tris=2, tag=[], fp=5aec047bf64a98cd
slide 1 @ 0.35
  camera pos [0.0, 0.0, 4.0] look_at [0.0, 0.0, 0.0]
  mesh[0] dots=0, lins=64, tris=62, tag=[], fp=eba7b5d78b6f64ae
  mesh[1] dots=0, lins=4, tris=2, tag=[], fp=5aec047bf64a98cd
slide 1 @ 0.80
  camera pos [0.0, 0.0, 4.0] look_at [0.0, 0.0, 0.0]
  mesh[0] dots=0, lins=64, tris=62, tag=[], fp=eba7b5d78b6f64ae
  mesh[1] dots=0, lins=4, tris=2, tag=[], fp=5aec047bf64a98cd
slide 1 @ 1.00
  camera pos [0.0, 0.0, 4.0] look_at [0.0, 0.0, 0.0]
  mesh[0] dots=0, lins=64, tris=62, tag=[], fp=eba7b5d78b6f64ae
  mesh[1] dots=0, lins=4, tris=2, tag=[], fp=5aec047bf64a98cd
slide 2 @ 0.00
  camera pos [0.0, 0.0, 4.0] look_at [0.0, 0.0, 0.0]
  mesh[0] dots=0, lins=64, tris=62, tag=[], fp=eba7b5d78b6f64ae
  mesh[1] dots=0, lins=4, tris=2, tag=[], fp=5aec047bf64a98cd
  !! animation block was already played
slide 2 @ 0.35
  camera pos [0.0, 0.0, 4.0] look_at [0.0, 0.0, 0.0]
  mesh[0] dots=0, lins=64, tris=62, tag=[], fp=eba7b5d78b6f64ae
  mesh[1] dots=0, lins=4, tris=2, tag=[], fp=5aec047bf64a98cd
  !! animation block was already played
slide 2 @ 0.80
  camera pos [0.0, 0.0, 4.0] look_at [0.0, 0.0, 0.0]
  mesh[0] dots=0, lins=64, tris=62, tag=[], fp=eba7b5d78b6f64ae
  mesh[1] dots=0, lins=4, tris=2, tag=[], fp=5aec047bf64a98cd
  !! animation block was already played
slide 2 @ 1.00
  camera pos [0.0, 0.0, 4.0] look_at [0.0, 0.0, 0.0]
  mesh[0] dots=0, lins=64, tris=62, tag=[], fp=82ec4ff43d44889c
  mesh[1] dots=0, lins=4, tris=2, tag=[], fp=ba02c3450be447f7
slide 3 @ 0.00
  camera pos [0.0, 0.0, 4.0] look_at [0.0, 0.0, 0.0]
  mesh[0] dots=0, lins=64, tris=62, tag=[], fp=82ec4ff43d44889c
  mesh[1] dots=0, lins=4, tris=2, tag=[], fp=ba02c3450be447f7
slide 3 @ 0.35
  camera pos [0.0, 0.0, 4.0] look_at [0.0, 0.0, 0.0]
  mesh[0] dots=0, lins=64, tris=62, tag=[], fp=2dd2d8b8a08cf042
  mesh[1] dots=0, lins=4, tris=2, tag=[], fp=ba02c3450be447f7
slide 3 @ 0.80
  camera pos [0.0, 0.0, 4.0] look_at [0.0, 0.0, 0.0]
  mesh[0] dots=0, lins=64, tris=62, tag=[], fp=57331b2534868ac8
  mesh[1] dots=0, lins=4, tris=2, tag=[], fp=ba02c3450be447f7
slide 3 @ 1.00
  camera pos [0.0, 0.0, 4.0] look_at [0.0, 0.0, 0.0]
  mesh[0] dots=0, lins=64, tris=62, tag=[], fp=cf57bf2f0a18a8ea
  mesh[1] dots=0, lins=4, tris=2, tag=[], fp=ba02c3450be447f7
slide 4 @ 0.00
  camera pos [0.0, 0.0, 4.0] look_at [0.0, 0.0, 0.0]
  mesh[0] dots=0, lins=64, tris=62, tag=[], fp=cf57bf2f0a18a8ea
  mesh[1] dots=0, lins=4, tris=2, tag=[], fp=ba02c3450be447f7
slide 4 @ 0.35
  camera pos [0.0, 0.0, 4.0] look_at [0.0, 0.0, 0.0]
  mesh[0] dots=0, lins=64, tris=62, tag=[], fp=cf57bf2f0a18a8ea
  mesh[1] dots=0, lins=4, tris=2, tag=[], fp=ef8c44d800bb1b17
slide 4 @ 0.80
  camera pos [0.0, 0.0, 4.0] look_at [0.0, 0.0, 0.0]
  mesh[0] dots=0, lins=64, tris=62, tag=[], fp=6a088344b48f5b98
  mesh[1] dots=0, lins=4, tris=2, tag=[], fp=61919a42970b6017
slide 4 @ 1.00
  camera pos [0.0, 0.0, 4.0] look_at [0.0, 0.0, 0.0]
  mesh[0] dots=0, lins=64, tris=62, tag=[], fp=eba7b5d78b6f64ae
  mesh[1] dots=0, lins=4, tris=2, tag=[], fp=61919a42970b6017
