# transcript
[[1, 20], [30, 40]]
[[1, 2], [3, 4]]
[[1, 20], [30, 40]]
[[-1, 2], [3, 4]]
[[1, 10], [2], [3]]
[[1], [2, 20]]
[[1, 0], [0, 0]]
[[0, 2], [0, 0]]
[[0, 0], [3, 0]]
[[-5, 2], [3, 4, 99]]
[[[101, 2], [3, 4]], [[1, 2], [3, 4]]]
[[[1, 2], [3, 4]], [3, 4]]
[[[1, 2], [7, 4]], [3, 4]]
[[[1, 2], [7, 4]], [8, [7, 4]]]
[[[1, 2], [7, 4], [[[1, 2], [7, 4]], [8, [7, 4]]]], [8, [7, 4]]]
[[1, [[1], [2]]], [2]]
[[9, [[1], [2]]], [2], [[1, [[1], [2]]], [2]]]
[[2, 2], [1, 1]]
[[5, 2], [1, 1]]
{"a" -> [10, 2], "b" -> [3], "c" -> [1, 20]}
{"a" -> [1, 2], "b" -> [3, 30]}
[[0, 0, 5], [1, 1, 1]]
[[0, 0, 0], [9, 9, 9]]
[[0, 0], [1, 11], [2, 0]]
[2, 42]
[<live function>, [3, 4]]
[[1, 2], <live function>]
10
1
1
1
1

# runtime errors

# end timestamp
slide 0, end of slide

# timeline
