# transcript
7

# runtime errors

# end timestamp
slide 3, end of slide

# timeline
slide 1 @ 0.00
  camera pos [0.0, 0.0, 4.0] look_at [0.0, 0.0, 0.0]
  mesh[0] dots=0, lins=64, tris=62, tag=[], fp=7371134ef06a3a34
  mesh[1] dots=0, lins=4, tris=2, tag=[], fp=a5bc987cc65a75b9
  mesh[2] dots=0, lins=64, tris=62, tag=[], fp=f6668684d8c4e30e
  mesh[3] dots=0, lins=5, tris=3, tag=[], fp=b7eed32613ddbcf2
  mesh[4] dots=0, lins=64, tris=62, tag=[], fp=b4c9b7c78db9808f
  mesh[5] dots=0, lins=64, tris=62, tag=[], fp=a9caefbf00d16598
  mesh[6] dots=0, lins=4, tris=2, tag=[], fp=b36912601b4ffb5b
  mesh[7] dots=0, lins=64, tris=62, tag=[], fp=eef36d17b9cc7abc
  mesh[8] dots=0, lins=8, tris=0, tag=[], fp=a665d188c4df6a10
slide 1 @ 0.35
  camera pos [0.0, 0.0, 4.0] look_at [0.0, 0.0, 0.0]
  mesh[0] dots=0, lins=64, tris=62, tag=[], fp=7371134ef06a3a34
  mesh[1] dots=0, lins=4, tris=2, tag=[], fp=a5bc987cc65a75b9
  mesh[2] dots=0, lins=64, tris=62, tag=[], fp=f6668684d8c4e30e
  mesh[3] dots=0, lins=5, tris=3, tag=[], fp=b7eed32613ddbcf2
  mesh[4] dots=0, lins=64, tris=62, tag=[], fp=b4c9b7c78db9808f
  mesh[5] dots=0, lins=64, tris=62, tag=[], fp=a9caefbf00d16598
  mesh[6] dots=0, lins=4, tris=2, tag=[], fp=b36912601b4ffb5b
  mesh[7] dots=0, lins=64, tris=62, tag=[], fp=eef36d17b9cc7abc
  mesh[8] dots=0, lins=8, tris=0, tag=[], fp=a665d188c4df6a10
slide 1 @ 0.80
  camera pos [0.0, 0.0, 4.0] look_at [0.0, 0.0, 0.0]
  mesh[0] dots=0, lins=64, tris=62, tag=[], fp=7371134ef06a3a34
  mesh[1] dots=0, lins=4, tris=2, tag=[], fp=a5bc987cc65a75b9
  mesh[2] dots=0, lins=64, tris=62, tag=[], fp=f6668684d8c4e30e
  mesh[3] dots=0, lins=5, tris=3, tag=[], fp=b7eed32613ddbcf2
  mesh[4] dots=0, lins=64, tris=62, tag=[], fp=b4c9b7c78db9808f
  mesh[5] dots=0, lins=64, tris=62, tag=[], fp=a9caefbf00d16598
  mesh[6] dots=0, lins=4, tris=2, tag=[], fp=b36912601b4ffb5b
  mesh[7] dots=0, lins=64, tris=62, tag=[], fp=eef36d17b9cc7abc
  mesh[8] dots=0, lins=8, tris=0, tag=[], fp=a665d188c4df6a10
slide 1 @ 1.00
  camera pos [0.0, 0.0, 4.0] look_at [0.0, 0.0, 0.0]
  mesh[0] dots=0, lins=64, tris=62, tag=[], fp=7371134ef06a3a34
  mesh[1] dots=0, lins=4, tris=2, tag=[], fp=a5bc987cc65a75b9
  mesh[2] dots=0, lins=64, tris=62, tag=[], fp=f6668684d8c4e30e
  mesh[3] dots=0, lins=5, tris=3, tag=[], fp=b7eed32613ddbcf2
  mesh[4] dots=0, lins=64, tris=62, tag=[], fp=b4c9b7c78db9808f
  mesh[5] dots=0, lins=64, tris=62, tag=[], fp=a9caefbf00d16598
  mesh[6] dots=0, lins=4, tris=2, tag=[], fp=b36912601b4ffb5b
  mesh[7] dots=0, lins=64, tris=62, tag=[], fp=eef36d17b9cc7abc
  mesh[8] dots=0, lins=8, tris=0, tag=[], fp=a665d188c4df6a10
slide 2 @ 0.00
  camera pos [0.0, 0.0, 4.0] look_at [0.0, 0.0, 0.0]
  mesh[0] dots=0, lins=64, tris=62, tag=[], fp=7371134ef06a3a34
  mesh[1] dots=0, lins=4, tris=2, tag=[], fp=a5bc987cc65a75b9
  mesh[2] dots=0, lins=64, tris=62, tag=[], fp=f6668684d8c4e30e
  mesh[3] dots=0, lins=5, tris=3, tag=[], fp=b7eed32613ddbcf2
  mesh[4] dots=0, lins=64, tris=62, tag=[], fp=b4c9b7c78db9808f
  mesh[5] dots=0, lins=64, tris=62, tag=[], fp=a9caefbf00d16598
  mesh[6] dots=0, lins=4, tris=2, tag=[], fp=b36912601b4ffb5b
  mesh[7] dots=0, lins=64, tris=62, tag=[], fp=eef36d17b9cc7abc
  mesh[8] dots=0, lins=8, tris=0, tag=[], fp=a665d188c4df6a10
slide 2 @ 0.35
  camera pos [0.0, 0.0, 4.0] look_at [0.0, 0.0, 0.0]
  mesh[0] dots=0, lins=64, tris=62, tag=[], fp=079f9c3b5ab1481a
  mesh[1] dots=0, lins=4, tris=2, tag=[], fp=1d1cf17c6d58480d
  mesh[2] dots=0, lins=64, tris=62, tag=[], fp=f6668684d8c4e30e
  mesh[3] dots=0, lins=5, tris=3, tag=[], fp=b7eed32613ddbcf2
  mesh[4] dots=0, lins=64, tris=62, tag=[], fp=b4c9b7c78db9808f
  mesh[5] dots=0, lins=64, tris=62, tag=[], fp=a9caefbf00d16598
  mesh[6] dots=0, lins=4, tris=2, tag=[], fp=b36912601b4ffb5b
  mesh[7] dots=0, lins=64, tris=62, tag=[], fp=eef36d17b9cc7abc
  mesh[8] dots=0, lins=8, tris=0, tag=[], fp=a665d188c4df6a10
slide 2 @ 0.80
  camera pos [0.0, 0.0, 4.0] look_at [0.0, 0.0, 0.0]
  mesh[0] dots=0, lins=64, tris=62, tag=[], fp=5c0e21dde6ab1dfe
  mesh[1] dots=0, lins=4, tris=2, tag=[], fp=de8a6bd3d6b89032
  mesh[2] dots=0, lins=64, tris=62, tag=[], fp=f6668684d8c4e30e
  mesh[3] dots=0, lins=5, tris=3, tag=[], fp=b7eed32613ddbcf2
  mesh[4] dots=0, lins=64, tris=62, tag=[], fp=b4c9b7c78db9808f
  mesh[5] dots=0, lins=64, tris=62, tag=[], fp=a9caefbf00d16598
  mesh[6] dots=0, lins=4, tris=2, tag=[], fp=b36912601b4ffb5b
  mesh[7] dots=0, lins=64, tris=62, tag=[], fp=eef36d17b9cc7abc
  mesh[8] dots=0, lins=8, tris=0, tag=[], fp=a665d188c4df6a10
slide 2 @ 1.00
  camera pos [0.0, 0.0, 4.0] look_at [0.0, 0.0, 0.0]
  mesh[0] dots=0, lins=64, tris=62, tag=[], fp=27857faa771e0ba0
  mesh[1] dots=0, lins=4, tris=2, tag=[], fp=26a30dbb21b2fe16
  mesh[2] dots=0, lins=64, tris=62, tag=[], fp=f6668684d8c4e30e
  mesh[3] dots=0, lins=5, tris=3, tag=[], fp=b7eed32613ddbcf2
  mesh[4] dots=0, lins=64, tris=62, tag=[], fp=b4c9b7c78db9808f
  mesh[5] dots=0, lins=64, tris=62, tag=[], fp=a9caefbf00d16598
  mesh[6] dots=0, lins=4, tris=2, tag=[], fp=b36912601b4ffb5b
  mesh[7] dots=0, lins=64, tris=62, tag=[], fp=eef36d17b9cc7abc
  mesh[8] dots=0, lins=8, tris=0, tag=[], fp=a665d188c4df6a10
slide 3 @ 0.00
  camera pos [0.0, 0.0, 4.0] look_at [0.0, 0.0, 0.0]
  mesh[0] dots=0, lins=64, tris=62, tag=[], fp=27857faa771e0ba0
  mesh[1] dots=0, lins=4, tris=2, tag=[], fp=26a30dbb21b2fe16
  mesh[2] dots=0, lins=64, tris=62, tag=[], fp=f6668684d8c4e30e
  mesh[3] dots=0, lins=5, tris=3, tag=[], fp=b7eed32613ddbcf2
  mesh[4] dots=0, lins=64, tris=62, tag=[], fp=b4c9b7c78db9808f
  mesh[5] dots=0, lins=64, tris=62, tag=[], fp=a9caefbf00d16598
  mesh[6] dots=0, lins=4, tris=2, tag=[], fp=b36912601b4ffb5b
  mesh[7] dots=0, lins=64, tris=62, tag=[], fp=eef36d17b9cc7abc
  mesh[8] dots=0, lins=8, tris=0, tag=[], fp=a665d188c4df6a10
slide 3 @ 0.35
  camera pos [0.0, 0.0, 4.0] look_at [0.0, 0.0, 0.0]
  mesh[0] dots=0, lins=64, tris=62, tag=[], fp=27857faa771e0ba0
  mesh[1] dots=0, lins=4, tris=2, tag=[], fp=26a30dbb21b2fe16
  mesh[2] dots=0, lins=64, tris=62, tag=[], fp=f6668684d8c4e30e
  mesh[3] dots=0, lins=5, tris=3, tag=[], fp=3ad220ca6509ffa8
  mesh[4] dots=0, lins=64, tris=62, tag=[], fp=b4c9b7c78db9808f
  mesh[5] dots=0, lins=64, tris=62, tag=[], fp=a9caefbf00d16598
  mesh[6] dots=0, lins=4, tris=2, tag=[], fp=b36912601b4ffb5b
  mesh[7] dots=0, lins=64, tris=62, tag=[], fp=eef36d17b9cc7abc
  mesh[8] dots=0, lins=8, tris=0, tag=[], fp=a665d188c4df6a10
slide 3 @ 0.80
  camera pos [0.0, 0.0, 4.0] look_at [0.0, 0.0, 0.0]
  mesh[0] dots=0, lins=64, tris=62, tag=[], fp=27857faa771e0ba0
  mesh[1] dots=0, lins=4, tris=2, tag=[], fp=26a30dbb21b2fe16
  mesh[2] dots=0, lins=64, tris=62, tag=[], fp=f6668684d8c4e30e
  mesh[3] dots=0, lins=5, tris=3, tag=[], fp=dd4c27b4233eb36c
  mesh[4] dots=0, lins=64, tris=62, tag=[], fp=b4c9b7c78db9808f
  mesh[5] dots=0, lins=64, tris=62, tag=[], fp=a9caefbf00d16598
  mesh[6] dots=0, lins=4, tris=2, tag=[], fp=b36912601b4ffb5b
  mesh[7] dots=0, lins=64, tris=62, tag=[], fp=eef36d17b9cc7abc
  mesh[8] dots=0, lins=8, tris=0, tag=[], fp=a665d188c4df6a10
slide 3 @ 1.00
  camera pos [0.0, 0.0, 4.0] look_at [0.0, 0.0, 0.0]
  mesh[0] dots=0, lins=64, tris=62, tag=[], fp=27857faa771e0ba0
  mesh[1] dots=0, lins=4, tris=2, tag=[], fp=26a30dbb21b2fe16
  mesh[2] dots=0, lins=64, tris=62, tag=[], fp=f6668684d8c4e30e
  mesh[3] dots=0, lins=5, tris=3, tag=[], fp=b5c3ae970dfa1695
  mesh[4] dots=0, lins=64, tris=62, tag=[], fp=b4c9b7c78db9808f
  mesh[5] dots=0, lins=64, tris=62, tag=[], fp=a9caefbf00d16598
  mesh[6] dots=0, lins=4, tris=2, tag=[], fp=b36912601b4ffb5b
  mesh[7] dots=0, lins=64, tris=62, tag=[], fp=eef36d17b9cc7abc
  mesh[8] dots=0, lins=8, tris=0, tag=[], fp=a665d188c4df6a10
