# transcript
1
"live operator"

# runtime errors

# end timestamp
slide 6, end of slide

# timeline
slide 1 @ 0.00
  camera pos [0.0, 0.0, 4.0] look_at [0.0, 0.0, 0.0]
  mesh[0] dots=0, lins=64, tris=62, tag=[], fp=57331b2534868ac8
  mesh[1] dots=0, lins=4, tris=2, tag=[], fp=5aec047bf64a98cd
  mesh[2] dots=0, lins=6, tris=4, tag=[], fp=371ffbcd0966a479
slide 1 @ 0.35
  camera pos [0.0, 0.0, 4.0] look_at [0.0, 0.0, 0.0]
  mesh[0] dots=0, lins=64, tris=62, tag=[], fp=57331b2534868ac8
  mesh[1] dots=0, lins=4, tris=2, tag=[], fp=5aec047bf64a98cd
  mesh[2] dots=0, lins=6, tris=4, tag=[], fp=371ffbcd0966a479
slide 1 @ 0.80
  camera pos [0.0, 0.0, 4.0] look_at [0.0, 0.0, 0.0]
  mesh[0] dots=0, lins=64, tris=62, tag=[], fp=57331b2534868ac8
  mesh[1] dots=0, lins=4, tris=2, tag=[], fp=5aec047bf64a98cd
  mesh[2] dots=0, lins=6, tris=4, tag=[], fp=371ffbcd0966a479
slide 1 @ 1.00
  camera pos [0.0, 0.0, 4.0] look_at [0.0, 0.0, 0.0]
  mesh[0] dots=0, lins=64, tris=62, tag=[], fp=57331b2534868ac8
  mesh[1] dots=0, lins=4, tris=2, tag=[], fp=5aec047bf64a98cd
  mesh[2] dots=0, lins=6, tris=4, tag=[], fp=371ffbcd0966a479
slide 2 @ 0.00
  camera pos [0.0, 0.0, 4.0] look_at [0.0, 0.0, 0.0]
  mesh[0] dots=0, lins=64, tris=62, tag=[], fp=57331b2534868ac8
  mesh[1] dots=0, lins=4, tris=2, tag=[], fp=5aec047bf64a98cd
  mesh[2] dots=0, lins=6, tris=4, tag=[], fp=371ffbcd0966a479
slide 2 @ 0.35
  camera pos [0.0, 0.0, 4.0] look_at [0.0, 0.0, 0.0]
  mesh[0] dots=0, lins=64, tris=62, tag=[], fp=ca7a09ea661f1aed
  mesh[1] dots=0, lins=4, tris=2, tag=[], fp=5aec047bf64a98cd
  mesh[2] dots=0, lins=6, tris=4, tag=[], fp=371ffbcd0966a479
slide 2 @ 0.80
  camera pos [0.0, 0.0, 4.0] look_at [0.0, 0.0, 0.0]
  mesh[0] dots=0, lins=64, tris=62, tag=[], fp=acd8859ab457a6f8
  mesh[1] dots=0, lins=4, tris=2, tag=[], fp=5aec047bf64a98cd
  mesh[2] dots=0, lins=6, tris=4, tag=[], fp=371ffbcd0966a479
slide 2 @ 1.00
  camera pos [0.0, 0.0, 4.0] look_at [0.0, 0.0, 0.0]
  mesh[0] dots=0, lins=64, tris=62, tag=[], fp=03ba7c71faf546ae
  mesh[1] dots=0, lins=4, tris=2, tag=[], fp=5aec047bf64a98cd
  mesh[2] dots=0, lins=6, tris=4, tag=[], fp=371ffbcd0966a479
slide 3 @ 0.00
  camera pos [0.0, 0.0, 4.0] look_at [0.0, 0.0, 0.0]
  mesh[0] dots=0, lins=64, tris=62, tag=[], fp=03ba7c71faf546ae
  mesh[1] dots=0, lins=4, tris=2, tag=[], fp=5aec047bf64a98cd
  mesh[2] dots=0, lins=6, tris=4, tag=[], fp=371ffbcd0966a479
slide 3 @ 0.35
  camera pos [0.0, 0.0, 4.0] look_at [0.0, 0.0, 0.0]
  mesh[0] dots=0, lins=64, tris=62, tag=[], fp=03ba7c71faf546ae
  mesh[1] dots=0, lins=4, tris=2, tag=[], fp=31118c48ac3afb13
  mesh[2] dots=0, lins=6, tris=4, tag=[], fp=371ffbcd0966a479
slide 3 @ 0.80
  camera pos [0.0, 0.0, 4.0] look_at [0.0, 0.0, 0.0]
  mesh[0] dots=0, lins=64, tris=62, tag=[], fp=03ba7c71faf546ae
  mesh[1] dots=0, lins=4, tris=2, tag=[], fp=3e3571a41f3cfa78
  mesh[2] dots=0, lins=6, tris=4, tag=[], fp=371ffbcd0966a479
slide 3 @ 1.00
  camera pos [0.0, 0.0, 4.0] look_at [0.0, 0.0, 0.0]
  mesh[0] dots=0, lins=64, tris=62, tag=[], fp=03ba7c71faf546ae
  mesh[1] dots=0, lins=4, tris=2, tag=[], fp=e7743a9ccfcb5b9b
  mesh[2] dots=0, lins=6, tris=4, tag=[], fp=371ffbcd0966a479
slide 4 @ 0.00
  camera pos [0.0, 0.0, 4.0] look_at [0.0, 0.0, 0.0]
  mesh[0] dots=0, lins=64, tris=62, tag=[], fp=03ba7c71faf546ae
  mesh[1] dots=0, lins=4, tris=2, tag=[], fp=e7743a9ccfcb5b9b
  mesh[2] dots=0, lins=6, tris=4, tag=[], fp=371ffbcd0966a479
slide 4 @ 0.35
  camera pos [0.0, 0.0, 4.0] look_at [0.0, 0.0, 0.0]
  mesh[0] dots=0, lins=64, tris=62, tag=[], fp=03ba7c71faf546ae
  mesh[1] dots=0, lins=4, tris=2, tag=[], fp=e7743a9ccfcb5b9b
  mesh[2] dots=0, lins=6, tris=4, tag=[], fp=ee723dc0ef297a61
slide 4 @ 0.80
  camera pos [0.0, 0.0, 4.0] look_at [0.0, 0.0, 0.0]
  mesh[0] dots=0, lins=64, tris=62, tag=[], fp=03ba7c71faf546ae
  mesh[1] dots=0, lins=4, tris=2, tag=[], fp=e7743a9ccfcb5b9b
  mesh[2] dots=0, lins=6, tris=4, tag=[], fp=12779e4e109d9094
slide 4 @ 1.00
  camera pos [0.0, 0.0, 4.0] look_at [0.0, 0.0, 0.0]
  mesh[0] dots=0, lins=64, tris=62, tag=[], fp=03ba7c71faf546ae
  mesh[1] dots=0, lins=4, tris=2, tag=[], fp=e7743a9ccfcb5b9b
  mesh[2] dots=0, lins=6, tris=4, tag=[], fp=3062af5011c18788
slide 5 @ 0.00
  camera pos [0.0, 0.0, 4.0] look_at [0.0, 0.0, 0.0]
  mesh[0] dots=0, lins=64, tris=62, tag=[], fp=03ba7c71faf546ae
  mesh[1] dots=0, lins=4, tris=2, tag=[], fp=e7743a9ccfcb5b9b
  mesh[2] dots=0, lins=6, tris=4, tag=[], fp=3062af5011c18788
slide 5 @ 0.35
  camera pos [0.0, 0.0, 4.0] look_at [0.0, 0.0, 0.0]
  mesh[0] dots=0, lins=64, tris=62, tag=[], fp=03ba7c71faf546ae
  mesh[1] dots=0, lins=4, tris=2, tag=[], fp=e7743a9ccfcb5b9b
  mesh[2] dots=0, lins=9, tris=7, tag=[], fp=e0b3684be89045e8
slide 5 @ 0.80
  camera pos [0.0, 0.0, 4.0] look_at [0.0, 0.0, 0.0]
  mesh[0] dots=0, lins=64, tris=62, tag=[], fp=03ba7c71faf546ae
  mesh[1] dots=0, lins=4, tris=2, tag=[], fp=e7743a9ccfcb5b9b
  mesh[2] dots=0, lins=9, tris=7, tag=[], fp=79d0e9249915674f
slide 5 @ 1.00
  camera pos [0.0, 0.0, 4.0] look_at [0.0, 0.0, 0.0]
  mesh[0] dots=0, lins=64, tris=62, tag=[], fp=03ba7c71faf546ae
  mesh[1] dots=0, lins=4, tris=2, tag=[], fp=e7743a9ccfcb5b9b
  mesh[2] dots=0, lins=9, tris=7, tag=[], fp=2acd83d8a09d7d2b
slide 6 @ 0.00
  camera pos [0.0, 0.0, 4.0] look_at [0.0, 0.0, 0.0]
  mesh[0] dots=0, lins=64, tris=62, tag=[], fp=03ba7c71faf546ae
  mesh[1] dots=0, lins=4, tris=2, tag=[], fp=e7743a9ccfcb5b9b
  mesh[2] dots=0, lins=9, tris=7, tag=[], fp=2acd83d8a09d7d2b
slide 6 @ 0.35
  camera pos [0.0, 0.0, 4.4703] look_at [0.0, 0.0, 3.4703]
  mesh[0] dots=0, lins=64, tris=62, tag=[], fp=03ba7c71faf546ae
  mesh[1] dots=0, lins=4, tris=2, tag=[], fp=e7743a9ccfcb5b9b
  mesh[2] dots=0, lins=9, tris=7, tag=[], fp=2acd83d8a09d7d2b
slide 6 @ 0.80
  camera pos [0.0, 0.0, 5.8842] look_at [0.0, 0.0, 4.8842]
  mesh[0] dots=0, lins=64, tris=62, tag=[], fp=03ba7c71faf546ae
  mesh[1] dots=0, lins=4, tris=2, tag=[], fp=e7743a9ccfcb5b9b
  mesh[2] dots=0, lins=9, tris=7, tag=[], fp=2acd83d8a09d7d2b
slide 6 @ 1.00
  camera pos [0.0, 0.0, 6.0] look_at [0.0, 0.0, 0.0]
  mesh[0] dots=0, lins=64, tris=62, tag=[], fp=03ba7c71faf546ae
  mesh[1] dots=0, lins=4, tris=2, tag=[], fp=e7743a9ccfcb5b9b
  mesh[2] dots=0, lins=9, tris=7, tag=[], fp=2acd83d8a09d7d2b
