# transcript
1

# runtime errors

# end timestamp
slide 4, end of slide

# timeline
slide 1 @ 0.00
  camera pos [0.0, 0.0, 4.0] look_at [0.0, 0.0, 0.0]
  mesh[0] dots=0, lins=64, tris=62, tag=[], fp=1e0626d63dd9ff3e
  mesh[1] dots=0, lins=64, tris=62, tag=[], fp=7c5f786cfeca1e86
  param radius = 1
  param offset = [0.0, 0.0, 0.0] (len 3)
slide 1 @ 0.35
  camera pos [0.0, 0.0, 4.0] look_at [0.0, 0.0, 0.0]
  mesh[0] dots=0, lins=64, tris=62, tag=[], fp=1e0626d63dd9ff3e
  mesh[1] dots=0, lins=64, tris=62, tag=[], fp=7c5f786cfeca1e86
  param radius = 1
  param offset = [0.0, 0.0, 0.0] (len 3)
slide 1 @ 0.80
  camera pos [0.0, 0.0, 4.0] look_at [0.0, 0.0, 0.0]
  mesh[0] dots=0, lins=64, tris=62, tag=[], fp=1e0626d63dd9ff3e
  mesh[1] dots=0, lins=64, tris=62, tag=[], fp=7c5f786cfeca1e86
  param radius = 1
  param offset = [0.0, 0.0, 0.0] (len 3)
slide 1 @ 1.00
  camera pos [0.0, 0.0, 4.0] look_at [0.0, 0.0, 0.0]
  mesh[0] dots=0, lins=64, tris=62, tag=[], fp=1e0626d63dd9ff3e
  mesh[1] dots=0, lins=64, tris=62, tag=[], fp=7c5f786cfeca1e86
  param radius = 1
  param offset = [0.0, 0.0, 0.0] (len 3)
slide 2 @ 0.00
  camera pos [0.0, 0.0, 4.0] look_at [0.0, 0.0, 0.0]
  mesh[0] dots=0, lins=64, tris=62, tag=[], fp=1e0626d63dd9ff3e
  mesh[1] dots=0, lins=64, tris=62, tag=[], fp=7c5f786cfeca1e86
  param radius = 1 -> 3
  param offset = [0.0, 0.0, 0.0] (len 3)
slide 2 @ 0.35
  camera pos [0.0, 0.0, 4.0] look_at [0.0, 0.0, 0.0]
  mesh[0] dots=0, lins=64, tris=62, tag=[], fp=bc27361f87bb018c
  mesh[1] dots=0, lins=64, tris=62, tag=[], fp=7c5f786cfeca1e86
  param radius = 1.470339 -> 3
  param offset = [0.0, 0.0, 0.0] (len 3)
slide 2 @ 0.80
  camera pos [0.0, 0.0, 4.0] look_at [0.0, 0.0, 0.0]
  mesh[0] dots=0, lins=64, tris=62, tag=[], fp=275e8f3adbb94592
  mesh[1] dots=0, lins=64, tris=62, tag=[], fp=7c5f786cfeca1e86
  param radius = 2.88416 -> 3
  param offset = [0.0, 0.0, 0.0] (len 3)
slide 2 @ 1.00
  camera pos [0.0, 0.0, 4.0] look_at [0.0, 0.0, 0.0]
  mesh[0] dots=0, lins=64, tris=62, tag=[], fp=b053fb16af68f6c1
  mesh[1] dots=0, lins=64, tris=62, tag=[], fp=7c5f786cfeca1e86
  param radius = 3
  param offset = [0.0, 0.0, 0.0] (len 3)
slide 3 @ 0.00
  camera pos [0.0, 0.0, 4.0] look_at [0.0, 0.0, 0.0]
  mesh[0] dots=0, lins=64, tris=62, tag=[], fp=b053fb16af68f6c1
  mesh[1] dots=0, lins=64, tris=62, tag=[], fp=7c5f786cfeca1e86
  param radius = 3
  param offset = [0.0, 0.0, 0.0] (len 3) -> [2.0, 0.0, 0.0] (len 3)
slide 3 @ 0.35
  camera pos [0.0, 0.0, 4.0] look_at [0.0, 0.0, 0.0]
  mesh[0] dots=0, lins=64, tris=62, tag=[], fp=b053fb16af68f6c1
  mesh[1] dots=0, lins=64, tris=62, tag=[], fp=c4e19abfaa9cc16f
  param radius = 3
  param offset = [0.470339, 0.0, 0.0] (len 3) -> [2.0, 0.0, 0.0] (len 3)
slide 3 @ 0.80
  camera pos [0.0, 0.0, 4.0] look_at [0.0, 0.0, 0.0]
  mesh[0] dots=0, lins=64, tris=62, tag=[], fp=b053fb16af68f6c1
  mesh[1] dots=0, lins=64, tris=62, tag=[], fp=586191e4d0b9fa3d
  param radius = 3
  param offset = [1.88416, 0.0, 0.0] (len 3) -> [2.0, 0.0, 0.0] (len 3)
slide 3 @ 1.00
  camera pos [0.0, 0.0, 4.0] look_at [0.0, 0.0, 0.0]
  mesh[0] dots=0, lins=64, tris=62, tag=[], fp=b053fb16af68f6c1
  mesh[1] dots=0, lins=64, tris=62, tag=[], fp=27857faa771e0ba0
  param radius = 3
  param offset = [2.0, 0.0, 0.0] (len 3)
slide 4 @ 0.00
  camera pos [0.0, 0.0, 4.0] look_at [0.0, 0.0, 0.0]
  mesh[0] dots=0, lins=64, tris=62, tag=[], fp=b053fb16af68f6c1
  mesh[1] dots=0, lins=64, tris=62, tag=[], fp=27857faa771e0ba0
  param radius = 3 -> 1
  param offset = [2.0, 0.0, 0.0] (len 3) -> [-1.0, 0.0, 0.0] (len 3)
slide 4 @ 0.35
  camera pos [0.0, 0.0, 4.0] look_at [0.0, 0.0, 0.0]
  mesh[0] dots=0, lins=64, tris=62, tag=[], fp=ce382f384b47b4ee
  mesh[1] dots=0, lins=64, tris=62, tag=[], fp=3029c089141b5ff1
  param radius = 2.529661 -> 1
  param offset = [1.294492, 0.0, 0.0] (len 3) -> [-1.0, 0.0, 0.0] (len 3)
slide 4 @ 0.80
  camera pos [0.0, 0.0, 4.0] look_at [0.0, 0.0, 0.0]
  mesh[0] dots=0, lins=64, tris=62, tag=[], fp=276f94a8ff7fef5a
  mesh[1] dots=0, lins=64, tris=62, tag=[], fp=ae6ee70172ad448b
  param radius = 1.11584 -> 1
  param offset = [-0.82624, 0.0, 0.0] (len 3) -> [-1.0, 0.0, 0.0] (len 3)
slide 4 @ 1.00
  camera pos [0.0, 0.0, 4.0] look_at [0.0, 0.0, 0.0]
  mesh[0] dots=0, lins=64, tris=62, tag=[], fp=1e0626d63dd9ff3e
  mesh[1] dots=0, lins=64, tris=62, tag=[], fp=35f6a8fc2e12eff3
  param radius = 1
  param offset = [-1.0, 0.0, 0.0] (len 3)
