# transcript
[0.5, 0.5, -0.25, 1]

# runtime errors
index 3 out of bounds (len 3)
index 3 out of bounds (len 3)

# end timestamp
(none)

# timeline
slide 1 @ 0.00
  camera pos [0.0, 0.0, 4.0] look_at [0.0, 0.0, 0.0]
  !! index 3 out of bounds (len 3)
slide 1 @ 0.35
  camera pos [0.0, 0.0, 4.0] look_at [0.0, 0.0, 0.0]
  !! index 3 out of bounds (len 3)
slide 1 @ 0.80
  camera pos [0.0, 0.0, 4.0] look_at [0.0, 0.0, 0.0]
  !! index 3 out of bounds (len 3)
slide 1 @ 1.00
  camera pos [0.0, 0.0, 4.0] look_at [0.0, 0.0, 0.0]
  !! index 3 out of bounds (len 3)
